Name: Fedora-Workstation-Live-x86 64-29-1
Hash: cfb532794574f81eded7a93343cfcdfe8460a5d7
Created By: qBittorrent v4.1.5
Created On: 2019-02-15 01:07:21 +0300 STD
Comment: This is a comment
Piece Count: 3685
Piece Size: 524288
Total Size: 1931478207
Private: no
Trackers:
  http://example.com/ann
Files:
  Fedora-Workstation-Live-x86 64-29-1/Fedora-Workstation-Live-x86_64-29-1.2.iso (1931476992)
  Fedora-Workstation-Live-x86 64-29-1/Fedora-Workstation-29-1.2-x86_64-CHECKSUM (1215)