Name: Fedora-Workstation-Live-x86_64-29-1.2.iso
Hash: da5b13b8ee35cd5cd1cad1ebf14c6d5c3a035b9a
Created By: qBittorrent v4.1.5
Created On: 2019-02-16 00:37:34 +0300 STD
Comment: This is a comment
Piece Count: 3684
Piece Size: 524288
Total Size: 1931476992
Private: no
Trackers:
  http://first.example.com/ann
  http://second.example.com/ann
Files:
  Fedora-Workstation-Live-x86_64-29-1.2.iso (1931476992)